e:\st\stm32cubeide_1.11.0\stm32cubeide\plugins\com.st.stm32cube.ide.mcu.externaltools.gnu-tools-for-stm32.10.3-2021.10.win32_1.0.100.202210260954\tools\arm-none-eabi\include\stdio.h:214:5:fputc	16	static
../Core/Src/main.c:76:6:adxl_write	24	static
../Core/Src/main.c:84:6:adxl_read	16	static
../Core/Src/main.c:93:6:adxl_init	8	static
../Core/Src/main.c:109:5:main	112	static
../Core/Src/main.c:182:6:SystemClock_Config	72	static
../Core/Src/main.c:222:13:MX_SPI1_Init	8	static
../Core/Src/main.c:260:13:MX_USART1_UART_Init	8	static
../Core/Src/main.c:293:13:MX_GPIO_Init	32	static
../Core/Src/main.c:321:6:Error_Handler	4	static,ignoring_inline_asm
